// Jest Snapshot v1, https://goo.gl/fbAQLP

exports[`<DayLabel /> Get snapshot 1`] = `
<div
  className="labels"
>
  <div
    className="label-day"
    key="2020-02-12"
  >
    <span
      className="label-day__title"
    >
      Wed
    </span>
    <div
      className="label-day__date"
    >
      12
    </div>
    <div
      className="decor-line"
    />
  </div>
  <div
    className="label-day"
    key="2020-02-13"
  >
    <span
      className="label-day__title"
    >
      Thu
    </span>
    <div
      className="label-day__date"
    >
      13
    </div>
    <div
      className="decor-line"
    />
  </div>
  <div
    className="label-day"
    key="2020-02-14"
  >
    <span
      className="label-day__title"
    >
      Fri
    </span>
    <div
      className="label-day__date"
    >
      14
    </div>
    <div
      className="decor-line"
    />
  </div>
  <div
    className="label-day"
    key="2020-02-15"
  >
    <span
      className="label-day__title"
    >
      Sat
    </span>
    <div
      className="label-day__date today"
    >
      15
    </div>
    <div
      className="decor-line"
    />
  </div>
  <div
    className="label-day"
    key="2020-02-16"
  >
    <span
      className="label-day__title"
    >
      Sun
    </span>
    <div
      className="label-day__date"
    >
      16
    </div>
    <div
      className="decor-line"
    />
  </div>
  <div
    className="label-day"
    key="2020-02-17"
  >
    <span
      className="label-day__title"
    >
      Mon
    </span>
    <div
      className="label-day__date"
    >
      17
    </div>
    <div
      className="decor-line"
    />
  </div>
  <div
    className="label-day"
    key="2020-02-18"
  >
    <span
      className="label-day__title"
    >
      Tue
    </span>
    <div
      className="label-day__date"
    >
      18
    </div>
    <div
      className="decor-line"
    />
  </div>
</div>
`;
