// Jest Snapshot v1, https://goo.gl/fbAQLP

exports[`<Sidebar /> Get snapshot 1`] = `
<div
  className="sidebar"
>
  <div
    className="hour"
    key="0"
  >
    <span
      className="hour__text"
    >
      00:00
    </span>
  </div>
  <div
    className="hour"
    key="1"
  >
    <span
      className="hour__text"
    >
      01:00
    </span>
  </div>
  <div
    className="hour"
    key="2"
  >
    <span
      className="hour__text"
    >
      02:00
    </span>
  </div>
  <div
    className="hour"
    key="3"
  >
    <span
      className="hour__text"
    >
      03:00
    </span>
  </div>
  <div
    className="hour"
    key="4"
  >
    <span
      className="hour__text"
    >
      04:00
    </span>
  </div>
  <div
    className="hour"
    key="5"
  >
    <span
      className="hour__text"
    >
      05:00
    </span>
  </div>
  <div
    className="hour"
    key="6"
  >
    <span
      className="hour__text"
    >
      06:00
    </span>
  </div>
  <div
    className="hour"
    key="7"
  >
    <span
      className="hour__text"
    >
      07:00
    </span>
  </div>
  <div
    className="hour"
    key="8"
  >
    <span
      className="hour__text"
    >
      08:00
    </span>
  </div>
  <div
    className="hour"
    key="9"
  >
    <span
      className="hour__text"
    >
      09:00
    </span>
  </div>
  <div
    className="hour"
    key="10"
  >
    <span
      className="hour__text"
    >
      10:00
    </span>
  </div>
  <div
    className="hour"
    key="11"
  >
    <span
      className="hour__text"
    >
      11:00
    </span>
  </div>
  <div
    className="hour"
    key="12"
  >
    <span
      className="hour__text"
    >
      12:00
    </span>
  </div>
  <div
    className="hour"
    key="13"
  >
    <span
      className="hour__text"
    >
      13:00
    </span>
  </div>
  <div
    className="hour"
    key="14"
  >
    <span
      className="hour__text"
    >
      14:00
    </span>
  </div>
  <div
    className="hour"
    key="15"
  >
    <span
      className="hour__text"
    >
      15:00
    </span>
  </div>
  <div
    className="hour"
    key="16"
  >
    <span
      className="hour__text"
    >
      16:00
    </span>
  </div>
  <div
    className="hour"
    key="17"
  >
    <span
      className="hour__text"
    >
      17:00
    </span>
  </div>
  <div
    className="hour"
    key="18"
  >
    <span
      className="hour__text"
    >
      18:00
    </span>
  </div>
  <div
    className="hour"
    key="19"
  >
    <span
      className="hour__text"
    >
      19:00
    </span>
  </div>
  <div
    className="hour"
    key="20"
  >
    <span
      className="hour__text"
    >
      20:00
    </span>
  </div>
  <div
    className="hour"
    key="21"
  >
    <span
      className="hour__text"
    >
      21:00
    </span>
  </div>
  <div
    className="hour"
    key="22"
  >
    <span
      className="hour__text"
    >
      22:00
    </span>
  </div>
  <div
    className="hour"
    key="23"
  >
    <span
      className="hour__text"
    >
      23:00
    </span>
  </div>
</div>
`;
